I'm sorry, but errors were detected in your script. Please correct the
errors listed below, and try again.


File "game/script.rpy", line 50: expected menuitem
    jump vn
    ^

Ren'Py Version: Ren'Py 6.99.11.1749
